Hostname      : kali
User          : kali
User ID       : uid=1000(kali) gid=1000(kali) groups=1000(kali),4(adm),20(dialout),24(cdrom),25(floppy),27(sudo),29(audio),30(dip),44(video),46(plugdev),100(users),101(netdev),116(bluetooth),121(wireshark),123(lpadmin),129(scanner),134(kaboxer),984(ollama)
OS            : Linux kali 6.12.33+kali-amd64 #1 SMP PREEMPT_DYNAMIC Kali 6.12.33-1kali1 (2025-06-25) x86_64 GNU/Linux

--- OS RELEASE ---
PRETTY_NAME="Kali GNU/Linux Rolling"
NAME="Kali GNU/Linux"
VERSION_ID="2025.4"
VERSION="2025.4"
VERSION_CODENAME=kali-rolling
ID=kali
ID_LIKE=debian
HOME_URL="https://www.kali.org/"
SUPPORT_URL="https://forums.kali.org/"
BUG_REPORT_URL="https://bugs.kali.org/"
ANSI_COLOR="1;31"

--- CPU INFO ---
model name	: Intel(R) Core(TM) i5-7200U CPU @ 2.50GHz

--- MEMORY ---
               total        used        free      shared  buff/cache   available
Mem:           7.5Gi       1.7Gi       4.7Gi       239Mi       1.7Gi       5.8Gi
Swap:          6.0Gi       1.2Gi       4.8Gi

--- DISK ---
Filesystem      Size  Used Avail Use% Mounted on
udev            3.8G     0  3.8G   0% /dev
tmpfs           773M  1.7M  772M   1% /run
/dev/sda1       234G  192G   30G  87% /
tmpfs           3.8G     0  3.8G   0% /dev/shm
none            1.0M     0  1.0M   0% /run/credentials/systemd-journald.service
tmpfs           3.8G  124M  3.7G   4% /tmp
tmpfs           773M  152K  773M   1% /run/user/1000
none            1.0M     0  1.0M   0% /run/credentials/getty@tty1.service

--- NETWORK ---
1: lo: <LOOPBACK,UP,LOWER_UP> mtu 65536 qdisc noqueue state UNKNOWN group default qlen 1000
    link/loopback 00:00:00:00:00:00 brd 00:00:00:00:00:00
    inet 127.0.0.1/8 scope host lo
       valid_lft forever preferred_lft forever
    inet6 ::1/128 scope host noprefixroute 
       valid_lft forever preferred_lft forever
2: eth0: <NO-CARRIER,BROADCAST,MULTICAST,UP> mtu 1500 qdisc fq_codel state DOWN group default qlen 1000
    link/ether 58:8a:5a:0b:4f:93 brd ff:ff:ff:ff:ff:ff
3: wlan0: <BROADCAST,MULTICAST,UP,LOWER_UP> mtu 1500 qdisc noqueue state UP group default qlen 1000
    link/ether 44:03:2c:8a:14:20 brd ff:ff:ff:ff:ff:ff
    inet 10.211.230.49/24 brd 10.211.230.255 scope global dynamic noprefixroute wlan0
       valid_lft 3480sec preferred_lft 3480sec
    inet6 2402:3a80:4403:6872:6c89:6d1b:9c8f:8217/64 scope global temporary dynamic 
       valid_lft 6929sec preferred_lft 6929sec
    inet6 2402:3a80:4403:6872:4603:2cff:fe8a:1420/64 scope global dynamic mngtmpaddr noprefixroute 
       valid_lft 6929sec preferred_lft 6929sec
    inet6 fe80::4603:2cff:fe8a:1420/64 scope link noprefixroute 
       valid_lft forever preferred_lft forever
4: vmnet1: <BROADCAST,MULTICAST,UP,LOWER_UP> mtu 1500 qdisc fq_codel state UNKNOWN group default qlen 1000
    link/ether 00:50:56:c0:00:01 brd ff:ff:ff:ff:ff:ff
    inet 172.16.220.1/24 brd 172.16.220.255 scope global vmnet1
       valid_lft forever preferred_lft forever
    inet6 fe80::250:56ff:fec0:1/64 scope link proto kernel_ll 
       valid_lft forever preferred_lft forever
5: vmnet8: <BROADCAST,MULTICAST,UP,LOWER_UP> mtu 1500 qdisc fq_codel state UNKNOWN group default qlen 1000
    link/ether 00:50:56:c0:00:08 brd ff:ff:ff:ff:ff:ff
    inet 172.16.113.1/24 brd 172.16.113.255 scope global vmnet8
       valid_lft forever preferred_lft forever
    inet6 fe80::250:56ff:fec0:8/64 scope link proto kernel_ll 
       valid_lft forever preferred_lft forever
